package basic

import (
	context "context"
)

type Client interface {
	Ping(ctx context.Context) (string, error)
	Echo(ctx context.Context, reqMessage string) (string, error)
	UseManyTypes(ctx context.Context, one int32, two int64, three float32, four string, five []byte, six bool) (int32, int64, float32, string, []byte, bool, error)
}

