package client_test

import (
	context "context"
	require "github.com/stretchr/testify/require"
	suite "github.com/stretchr/testify/suite"
	nested "github.com/thecodedproject/servicegen/example_nested_msgs"
	client_grpc "github.com/thecodedproject/servicegen/example_nested_msgs/client/grpc"
	client_local "github.com/thecodedproject/servicegen/example_nested_msgs/client/local"
	pb "github.com/thecodedproject/servicegen/example_nested_msgs/pb"
	resources "github.com/thecodedproject/servicegen/example_nested_msgs/resources"
	server "github.com/thecodedproject/servicegen/example_nested_msgs/server"
	grpc "google.golang.org/grpc"
	connectivity "google.golang.org/grpc/connectivity"
	net "net"
	testing "testing"
	time "time"
)

type clientSuite struct {
	suite.Suite

	createClient func(resources.Resources) nested.Client
}

type TestClientLocalSuite struct {
	clientSuite
}

type TestClientGRPCSuite struct {
	clientSuite
}

func (ts *TestClientLocalSuite) SetupTest() {

	ts.createClient = func(r resources.Resources) basic.Client {
		return client_local.New(r)
	}
}

func (ts *TestClientGRPCSuite) SetupTest() {

	ts.createClient = func(r resources.Resources) basic.Client {
		return setupGRPCClient(ts.T(), r)
	}
}

func TestClientLocal(t *testing.T) {

	suite.Run(t, new(TestClientLocalSuite))
}

func TestClientGRPC(t *testing.T) {

	suite.Run(t, new(TestClientGRPCSuite))
}

func setupGRPCClient(
	t *testing.T,
	r resources.Resources,
) nested.Client {

	serverAddr := setupGRPCServer(t, r)
	conn, err := grpc.Dial(serverAddr, grpc.WithInsecure())
	require.NoError(t, err)

	ctx, cancel := context.WithTimeout(context.Background(), time.Second)
	defer cancel()

	for {
		if conn.GetState() == connectivity.Ready {
			break
		}

		if !conn.WaitForStateChange(ctx, conn.GetState()) {
			require.Fail(t, "grpc timeout whilst connecting")
		}
	}

	client := client_grpc.NewForTesting(t, conn)
	return client
}

func setupGRPCServer(
	t *testing.T,
	r resources.Resources,
) string {

	listener, err := net.Listen("tcp", "localhost:0")
	require.NoError(t, err)

	grpcSrv := grpc.NewServer()
	t.Cleanup(grpcSrv.GracefulStop)

	service := server.New(r)
	pb.RegisterNestedServer(grpcSrv, service)

	go func() {
		err := grpcSrv.Serve(listener)
		require.NoError(t, err)
	}()

	return listener.Addr().String()
}

