package client_test

import (
	testing "testing"
)

func (ts *clientSuite) TestPing() {

		testCases := []struct{
			Name string
		}{
			{
				Name: "empty",
			},
		}

		for _, test := range testCases {
			ts.T().Run(test.Name, func(t *testing.T) {

				return
			})
		}
	}

