package resources

import (
	testing "testing"
)

type Resources interface{}

func NewForTesting(_ *testing.T) *resources {

	return &resources{}
}

