package resources

type resources struct {}

func New() *resources {

	return &resources{}
}

